"","X1","X1.1","X1.2","X1.3"
"1",1,1,1,0
"2",0,0,0,1
"3",1,0,0,1
"4",0,1,0,0
"5",0,0,1,0
